PH utils NULL /home/chris/school/Spring_24_25/ee188/sh2/utils.vhd sub00/vhpl34 1748848000
EN adder NULL /home/chris/school/Spring_24_25/ee188/sh2/alu.vhd sub00/vhpl07 1748847973
PH logging NULL /home/chris/school/Spring_24_25/ee188/sh2/logging.vhd sub00/vhpl13 1748847979
PH memoryinterfaceconstants NULL /home/chris/school/Spring_24_25/ee188/sh2/memory_interface.vhd sub00/vhpl26 1748847992
AR fblock structural /home/chris/school/Spring_24_25/ee188/sh2/alu.vhd sub00/vhpl06 1748847972
EN sh2dmau NULL /home/chris/school/Spring_24_25/ee188/sh2/sh2_dmau.vhd sub00/vhpl24 1748847990
AR adder structural /home/chris/school/Spring_24_25/ee188/sh2/alu.vhd sub00/vhpl08 1748847974
AR alu structural /home/chris/school/Spring_24_25/ee188/sh2/alu.vhd sub00/vhpl12 1748847978
AR sh2regs structural /home/chris/school/Spring_24_25/ee188/sh2/sh2_reg.vhd sub00/vhpl39 1748848005
EN memunit NULL /home/chris/school/Spring_24_25/ee188/sh2/mau.vhd sub00/vhpl18 1748847984
EN sh2alu NULL /home/chris/school/Spring_24_25/ee188/sh2/sh2_alu.vhd sub00/vhpl32 1748847998
AR sh2control dataflow /home/chris/school/Spring_24_25/ee188/sh2/sh2_control.vhd sub00/vhpl43 1748848009
PH memunitconstants NULL /home/chris/school/Spring_24_25/ee188/sh2/mau.vhd sub00/vhpl16 1748847983
EN sh2regs NULL /home/chris/school/Spring_24_25/ee188/sh2/sh2_reg.vhd sub00/vhpl38 1748848004
PH array_type_pkg NULL /home/chris/school/Spring_24_25/ee188/sh2/mau.vhd sub00/vhpl17 1748847982
PH aluconstants NULL /home/chris/school/Spring_24_25/ee188/sh2/alu.vhd sub00/vhpl00 1748847966
AR fblockbit dataflow /home/chris/school/Spring_24_25/ee188/sh2/alu.vhd sub00/vhpl02 1748847968
AR sh2dmau structural /home/chris/school/Spring_24_25/ee188/sh2/sh2_dmau.vhd sub00/vhpl25 1748847991
AR sh2cpu structural /home/chris/school/Spring_24_25/ee188/sh2/sh2_cpu.vhd sub00/vhpl45 1748848011
EN fblock NULL /home/chris/school/Spring_24_25/ee188/sh2/alu.vhd sub00/vhpl05 1748847971
AR adderbit dataflow /home/chris/school/Spring_24_25/ee188/sh2/alu.vhd sub00/vhpl04 1748847970
PH sh2controlconstants NULL /home/chris/school/Spring_24_25/ee188/sh2/sh2_control.vhd sub00/vhpl41 1748848007
PH sh2constants NULL /home/chris/school/Spring_24_25/ee188/sh2/sh2_constants.vhd sub00/vhpl15 1748847981
PB logging logging /home/chris/school/Spring_24_25/ee188/sh2/logging.vhd sub00/vhpl14 1748847980
EN shifter NULL /home/chris/school/Spring_24_25/ee188/sh2/alu.vhd sub00/vhpl09 1748847975
EN memoryinterfacerx NULL /home/chris/school/Spring_24_25/ee188/sh2/memory_interface.vhd sub00/vhpl28 1748847995
EN sh2cpu NULL /home/chris/school/Spring_24_25/ee188/sh2/sh2_cpu.vhd sub00/vhpl44 1748848010
PH sh2instructionencodings NULL /home/chris/school/Spring_24_25/ee188/sh2/sh2_control.vhd sub00/vhpl40 1748848006
EN memoryinterfacetx NULL /home/chris/school/Spring_24_25/ee188/sh2/memory_interface.vhd sub00/vhpl27 1748847993
AR memoryinterfacetx structural /home/chris/school/Spring_24_25/ee188/sh2/memory_interface.vhd sub00/vhpl30 1748847994
PH sh2aluconstants NULL /home/chris/school/Spring_24_25/ee188/sh2/sh2_alu.vhd sub00/vhpl31 1748847997
AR sh2alu structural /home/chris/school/Spring_24_25/ee188/sh2/sh2_alu.vhd sub00/vhpl33 1748847999
EN fblockbit NULL /home/chris/school/Spring_24_25/ee188/sh2/alu.vhd sub00/vhpl01 1748847967
AR shifter dataflow /home/chris/school/Spring_24_25/ee188/sh2/alu.vhd sub00/vhpl10 1748847976
EN sh2control NULL /home/chris/school/Spring_24_25/ee188/sh2/sh2_control.vhd sub00/vhpl42 1748848008
AR sh2pmau structural /home/chris/school/Spring_24_25/ee188/sh2/sh2_pmau.vhd sub00/vhpl22 1748847988
EN regarray NULL /home/chris/school/Spring_24_25/ee188/sh2/reg.vhd sub00/vhpl36 1748848002
PB utils utils /home/chris/school/Spring_24_25/ee188/sh2/utils.vhd sub00/vhpl35 1748848001
EN adderbit NULL /home/chris/school/Spring_24_25/ee188/sh2/alu.vhd sub00/vhpl03 1748847969
EN sh2pmau NULL /home/chris/school/Spring_24_25/ee188/sh2/sh2_pmau.vhd sub00/vhpl20 1748847986
AR regarray behavioral /home/chris/school/Spring_24_25/ee188/sh2/reg.vhd sub00/vhpl37 1748848003
PH sh2pmauconstants NULL /home/chris/school/Spring_24_25/ee188/sh2/sh2_pmau.vhd sub00/vhpl21 1748847987
PH sh2dmauconstants NULL /home/chris/school/Spring_24_25/ee188/sh2/sh2_dmau.vhd sub00/vhpl23 1748847989
EN alu NULL /home/chris/school/Spring_24_25/ee188/sh2/alu.vhd sub00/vhpl11 1748847977
AR memoryinterfacerx structural /home/chris/school/Spring_24_25/ee188/sh2/memory_interface.vhd sub00/vhpl29 1748847996
AR memunit dataflow /home/chris/school/Spring_24_25/ee188/sh2/mau.vhd sub00/vhpl19 1748847985
